[2026-05-05T21:14:05.829Z] OPTIONS /api/tasks - 204 - 5ms
[2026-05-05T21:14:05.834Z] OPTIONS /api/campaigns - 204 - 0ms
[2026-05-05T21:14:05.837Z] OPTIONS /api/projects - 204 - 0ms
[2026-05-05T21:14:05.875Z] OPTIONS /api/brands - 204 - 1ms
[2026-05-05T21:14:05.879Z] OPTIONS /api/users - 204 - 1ms
[2026-05-05T21:14:05.977Z] OPTIONS /api/notifications - 204 - 2ms
[2026-05-05T21:14:05.988Z] OPTIONS /api/crm/companies - 204 - 1ms
[2026-05-05T21:14:06.092Z] OPTIONS /api/products - 204 - 93ms
[2026-05-05T21:14:06.300Z] OPTIONS /api/tasks - 204 - 0ms
[2026-05-05T21:14:06.304Z] OPTIONS /api/projects - 204 - 0ms
[2026-05-05T21:14:06.316Z] OPTIONS /api/campaigns - 204 - 0ms
[2026-05-05T21:14:06.318Z] OPTIONS /api/users - 204 - 0ms
[2026-05-05T21:14:06.319Z] OPTIONS /api/products - 204 - 0ms
[2026-05-05T21:14:06.321Z] OPTIONS /api/notifications - 204 - 1ms
[2026-05-05T21:14:06.324Z] OPTIONS /api/brands - 204 - 1ms
[2026-05-05T21:14:07.251Z] GET /api/projects - 304 - 1392ms
[2026-05-05T21:14:07.802Z] GET /api/users - 200 - 1688ms
[2026-05-05T21:14:07.805Z] GET /api/projects - 304 - 1493ms
[2026-05-05T21:14:07.807Z] GET /api/notifications - 200 - 1560ms
[2026-05-05T21:14:07.822Z] GET /api/notifications - 200 - 1400ms
[2026-05-05T21:14:07.833Z] OPTIONS /api/crm/companies - 204 - 1ms
[2026-05-05T21:14:07.836Z] GET /api/users - 200 - 1507ms
[2026-05-05T21:14:07.842Z] OPTIONS /api/crm/companies - 204 - 1ms
[2026-05-05T21:14:08.282Z] GET /api/brands - 304 - 2057ms
[2026-05-05T21:14:08.476Z] GET /api/projects - 304 - 633ms
[2026-05-05T21:14:08.481Z] GET /api/notifications - 304 - 633ms
[2026-05-05T21:14:08.539Z] GET /api/projects - 304 - 695ms
[2026-05-05T21:14:08.698Z] GET /api/crm/companies - 304 - 1442ms
[2026-05-05T21:14:08.870Z] GET /api/tasks - 304 - 2562ms
[2026-05-05T21:14:08.896Z] GET /api/brands - 304 - 1067ms
[2026-05-05T21:14:08.899Z] GET /api/tasks - 304 - 3060ms
[2026-05-05T21:14:08.992Z] GET /api/users - 304 - 706ms
[2026-05-05T21:14:09.166Z] GET /api/notifications - 304 - 684ms
[2026-05-05T21:14:09.247Z] GET /api/users - 304 - 706ms
[2026-05-05T21:14:09.335Z] GET /api/campaigns - 200 - 3008ms
[2026-05-05T21:14:09.386Z] GET /api/brands - 304 - 683ms
[2026-05-05T21:14:09.396Z] GET /api/campaigns - 200 - 3533ms
[2026-05-05T21:14:09.549Z] GET /api/crm/companies - 304 - 1065ms
[2026-05-05T21:14:09.673Z] GET /api/brands - 304 - 768ms
[2026-05-05T21:14:10.122Z] GET /api/products - 200 - 3797ms
[2026-05-05T21:14:10.275Z] OPTIONS /api/chat/unread - 204 - 0ms
[2026-05-05T21:14:10.532Z] GET /api/products - 200 - 2708ms
[2026-05-05T21:14:10.535Z] GET /api/crm/companies - 304 - 1627ms
[2026-05-05T21:14:10.687Z] OPTIONS /api/chat/unread - 204 - 1ms
[2026-05-05T21:14:10.750Z] GET /api/crm/companies - 304 - 1195ms
[2026-05-05T21:14:10.753Z] GET /api/tasks - 304 - 1863ms
[2026-05-05T21:14:10.923Z] GET /api/chat/unread - 200 - 643ms
[2026-05-05T21:14:10.989Z] GET /api/tasks - 304 - 1993ms
[2026-05-05T21:14:11.470Z] GET /api/chat/unread - 200 - 780ms
[2026-05-05T21:14:11.764Z] GET /api/campaigns - 304 - 2420ms
[2026-05-05T21:14:11.865Z] GET /api/campaigns - 304 - 2464ms
[2026-05-05T21:14:12.060Z] GET /api/products - 304 - 1927ms
[2026-05-05T21:14:12.286Z] GET /api/products - 304 - 1750ms
[2026-05-05T21:14:12.818Z] GET /api/chat/unread - 304 - 649ms
[2026-05-05T21:14:13.202Z] GET /api/chat/unread - 304 - 775ms
[2026-05-06T01:17:05.421Z] OPTIONS /api/tasks - 204 - 1ms
[2026-05-06T01:17:05.426Z] OPTIONS /api/projects - 204 - 0ms
[2026-05-06T01:17:05.463Z] OPTIONS /api/campaigns - 204 - 2ms
[2026-05-06T01:17:05.514Z] OPTIONS /api/users - 204 - 1ms
[2026-05-06T01:17:05.534Z] OPTIONS /api/crm/companies - 204 - 1ms
[2026-05-06T01:17:05.546Z] OPTIONS /api/projects - 204 - 1ms
[2026-05-06T01:17:05.548Z] OPTIONS /api/campaigns - 204 - 1ms
[2026-05-06T01:17:05.552Z] OPTIONS /api/brands - 204 - 1ms
[2026-05-06T01:17:05.554Z] OPTIONS /api/products - 204 - 1ms
[2026-05-06T01:17:05.557Z] OPTIONS /api/tasks - 204 - 0ms
[2026-05-06T01:17:05.562Z] OPTIONS /api/notifications - 204 - 0ms
[2026-05-06T01:17:05.564Z] OPTIONS /api/users - 204 - 1ms
[2026-05-06T01:17:05.571Z] OPTIONS /api/brands - 204 - 0ms
[2026-05-06T01:17:05.576Z] OPTIONS /api/products - 204 - 0ms
[2026-05-06T04:39:24.846Z] OPTIONS /api/tasks - 204 - 0ms
[2026-05-06T04:39:24.848Z] OPTIONS /api/projects - 204 - 0ms
[2026-05-06T04:39:24.855Z] OPTIONS /api/campaigns - 204 - 0ms
[2026-05-06T04:39:24.861Z] OPTIONS /api/users - 204 - 0ms
[2026-05-06T04:39:24.947Z] OPTIONS /api/brands - 204 - 0ms
[2026-05-06T04:39:24.981Z] OPTIONS /api/products - 204 - 0ms
[2026-05-06T04:39:26.834Z] GET /api/users - 304 - 1971ms
[2026-05-06T04:39:27.612Z] OPTIONS /api/notifications - 204 - 1ms
[2026-05-06T04:39:27.613Z] GET /api/projects - 304 - 2761ms
[2026-05-06T04:39:27.615Z] OPTIONS /api/crm/companies - 204 - 0ms
[2026-05-06T04:39:27.617Z] OPTIONS /api/notifications - 204 - 0ms
[2026-05-06T04:39:27.619Z] OPTIONS /api/crm/companies - 204 - 0ms
[2026-05-06T04:39:27.708Z] GET /api/brands - 304 - 2758ms
[2026-05-06T04:39:28.587Z] GET /api/users - 304 - 967ms
[2026-05-06T04:39:28.590Z] GET /api/notifications - 304 - 969ms
[2026-05-06T04:39:28.698Z] GET /api/tasks - 304 - 3848ms
[2026-05-06T04:39:28.757Z] GET /api/projects - 304 - 1039ms
[2026-05-06T04:39:29.060Z] GET /api/campaigns - 200 - 4202ms
[2026-05-06T04:39:29.241Z] GET /api/products - 200 - 4257ms
[2026-05-06T04:39:29.307Z] GET /api/brands - 304 - 681ms
[2026-05-06T04:39:29.468Z] GET /api/notifications - 304 - 684ms
[2026-05-06T04:39:30.036Z] GET /api/crm/companies - 304 - 1425ms
[2026-05-06T04:39:30.612Z] GET /api/tasks - 304 - 1817ms
[2026-05-06T04:39:31.058Z] GET /api/crm/companies - 304 - 973ms
[2026-05-06T04:39:31.143Z] GET /api/products - 304 - 1790ms
[2026-05-06T04:39:31.184Z] GET /api/campaigns - 304 - 2058ms
[2026-05-06T04:39:47.898Z] OPTIONS /api/brands - 204 - 25ms
[2026-05-06T04:39:47.954Z] OPTIONS /api/products - 204 - 54ms
[2026-05-06T04:39:47.986Z] OPTIONS /api/notifications - 204 - 1ms
[2026-05-06T04:39:48.020Z] OPTIONS /api/crm/companies - 204 - 16ms
[2026-05-06T04:39:48.270Z] OPTIONS /api/tasks - 204 - 36ms
[2026-05-06T04:39:54.742Z] OPTIONS /api/projects - 204 - 0ms
[2026-05-06T04:39:57.490Z] OPTIONS /api/campaigns - 204 - 1ms
[2026-05-06T04:40:02.223Z] OPTIONS /api/users - 204 - 10ms
[2026-05-06T04:40:03.553Z] OPTIONS /api/brands - 204 - 3ms
[2026-05-06T04:40:03.560Z] OPTIONS /api/users - 204 - 1ms
[2026-05-06T04:40:03.570Z] OPTIONS /api/projects - 204 - 4ms
[2026-05-06T04:40:03.575Z] OPTIONS /api/campaigns - 204 - 0ms
[2026-05-06T04:40:03.579Z] OPTIONS /api/tasks - 204 - 1ms
[2026-05-06T04:40:03.583Z] OPTIONS /api/products - 204 - 1ms
[2026-05-06T04:40:03.587Z] OPTIONS /api/notifications - 204 - 1ms
[2026-05-06T04:40:03.589Z] OPTIONS /api/crm/companies - 204 - 0ms
[2026-05-06T04:40:03.592Z] OPTIONS /api/chat/unread - 204 - 1ms
[2026-05-06T04:40:03.594Z] OPTIONS /api/chat/unread - 204 - 1ms
[2026-05-06T04:40:24.147Z] GET /api/brands - 304 - 20549ms
[2026-05-06T04:40:24.154Z] GET /api/chat/unread - 304 - 20535ms
[2026-05-06T04:40:28.008Z] GET /api/notifications - 304 - 24406ms
[2026-05-06T04:40:28.118Z] GET /api/crm/companies - 304 - 24522ms
[2026-05-06T04:40:28.156Z] GET /api/tasks - 304 - 24551ms
[2026-05-06T04:40:28.951Z] GET /api/products - 200 - 25351ms
[2026-05-06T04:40:29.069Z] GET /api/projects - 401 - 25431ms
  Response: {"error":"Nieprawidłowy token"}
[2026-05-06T04:40:29.473Z] GET /api/chat/unread - 200 - 5855ms
[2026-05-06T04:40:29.793Z] GET /api/users - 304 - 624ms
[2026-05-06T04:40:30.293Z] GET /api/brands - 200 - 1084ms
[2026-05-06T04:40:30.713Z] GET /api/users - 200 - 1361ms
[2026-05-06T04:40:30.717Z] GET /api/projects - 200 - 1297ms
[2026-05-06T04:40:31.204Z] GET /api/campaigns - 200 - 3199ms
[2026-05-06T04:40:31.546Z] GET /api/notifications - 200 - 693ms
[2026-05-06T04:40:32.704Z] GET /api/tasks - 200 - 1854ms
[2026-05-06T04:40:32.873Z] GET /api/campaigns - 200 - 2584ms
[2026-05-06T04:40:33.329Z] GET /api/products - 200 - 2478ms
[2026-05-06T04:40:33.394Z] GET /api/crm/companies - 200 - 2186ms
[2026-05-06T04:40:34.331Z] OPTIONS /api/chat/unread - 204 - 0ms
[2026-05-06T04:40:44.068Z] GET /api/chat/unread - 304 - 707ms
